Timestamp: Sun Sep 13 18:27:49 UTC 2026
